// Jest Snapshot v1, https://goo.gl/fbAQLP

exports[`it works match snap 1`] = `
<RCTSafeAreaView
  emulateUnlessSupported={true}
  style={
    Object {
      "alignItems": "center",
      "backgroundColor": "#282C35",
      "flex": 1,
      "justifyContent": "center",
      "padding": 5,
    }
  }
>
  <Text
    style={
      Object {
        "color": "white",
        "fontSize": 25,
        "fontWeight": "700",
        "padding": 10,
        "paddingHorizontal": 5,
      }
    }
  />
  <Text
    style={
      Object {
        "color": "white",
        "fontSize": 20,
        "fontWeight": "300",
        "padding": 5,
        "paddingHorizontal": 10,
      }
    }
  >
    Birthday: 
  </Text>
  <Text
    style={
      Object {
        "color": "white",
        "fontSize": 20,
        "fontWeight": "300",
        "padding": 5,
        "paddingHorizontal": 10,
      }
    }
  >
    Status: 
  </Text>
  <Text
    style={
      Object {
        "color": "white",
        "fontSize": 20,
        "fontWeight": "300",
        "padding": 5,
        "paddingHorizontal": 10,
      }
    }
  >
    Nickname: 
  </Text>
  <Text
    style={
      Object {
        "color": "white",
        "fontSize": 20,
        "fontWeight": "300",
        "padding": 5,
        "paddingHorizontal": 10,
      }
    }
  >
    Nickname: 
  </Text>
  <View
    accessible={true}
    focusable={true}
    onClick={[Function]}
    onResponderGrant={[Function]}
    onResponderMove={[Function]}
    onResponderRelease={[Function]}
    onResponderTerminate={[Function]}
    onResponderTerminationRequest={[Function]}
    onStartShouldSetResponder={[Function]}
    style={
      Object {
        "opacity": 1,
      }
    }
  >
    <Text />
  </View>
</RCTSafeAreaView>
`;
