// Jest Snapshot v1, https://goo.gl/fbAQLP

exports[`<App /> match snap 1`] = `
<View
  accessibilityIgnoresInvertColors={true}
  style={
    Object {
      "flex": 1,
    }
  }
>
  <Image
    resizeMode="stretch"
    source={
      Object {
        "uri": "https://github.com/bradtraversy/breaking-bad-cast/blob/master/src/img/bg.jpg?raw=true",
      }
    }
    style={
      Array [
        Object {
          "bottom": 0,
          "left": 0,
          "position": "absolute",
          "right": 0,
          "top": 0,
        },
        Object {
          "height": undefined,
          "width": undefined,
        },
        undefined,
      ]
    }
  />
  <RCTSafeAreaView
    emulateUnlessSupported={true}
    style={
      Object {
        "alignSelf": "center",
        "textAlign": "center",
      }
    }
  >
    <Image
      source={
        Object {
          "uri": "https://raw.githubusercontent.com/bradtraversy/breaking-bad-cast/master/src/img/logo.png",
        }
      }
      style={
        Object {
          "alignSelf": "center",
          "height": 100,
          "margin": 10,
          "width": 220,
        }
      }
    />
    <TextInput
      allowFontScaling={true}
      onChangeText={[Function]}
      placeholder="I am the one who knocks!"
      rejectResponderTermination={true}
      style={
        Object {
          "backgroundColor": "#fff",
          "borderRadius": 8,
          "fontSize": 20,
          "fontWeight": "300",
          "marginBottom": 10,
          "padding": 20,
          "width": 375,
        }
      }
      underlineColorAndroid="transparent"
      value=""
    />
    <RCTScrollView>
      <View />
    </RCTScrollView>
    <Modal
      animationType="fade"
      hardwareAccelerated={false}
      transparent={true}
      visible={false}
    >
      <RCTSafeAreaView
        emulateUnlessSupported={true}
        style={
          Object {
            "alignItems": "center",
            "backgroundColor": "#282C35",
            "flex": 1,
            "justifyContent": "center",
            "padding": 5,
          }
        }
      >
        <Text
          style={
            Object {
              "color": "white",
              "fontSize": 25,
              "fontWeight": "700",
              "padding": 10,
              "paddingHorizontal": 5,
            }
          }
        />
        <Text
          style={
            Object {
              "color": "white",
              "fontSize": 20,
              "fontWeight": "300",
              "padding": 5,
              "paddingHorizontal": 10,
            }
          }
        >
          Birthday: 
        </Text>
        <Text
          style={
            Object {
              "color": "white",
              "fontSize": 20,
              "fontWeight": "300",
              "padding": 5,
              "paddingHorizontal": 10,
            }
          }
        >
          Status: 
        </Text>
        <Text
          style={
            Object {
              "color": "white",
              "fontSize": 20,
              "fontWeight": "300",
              "padding": 5,
              "paddingHorizontal": 10,
            }
          }
        >
          Nickname: 
        </Text>
        <Text
          style={
            Object {
              "color": "white",
              "fontSize": 20,
              "fontWeight": "300",
              "padding": 5,
              "paddingHorizontal": 10,
            }
          }
        >
          Nickname: 
        </Text>
        <View
          accessible={true}
          focusable={true}
          onClick={[Function]}
          onResponderGrant={[Function]}
          onResponderMove={[Function]}
          onResponderRelease={[Function]}
          onResponderTerminate={[Function]}
          onResponderTerminationRequest={[Function]}
          onStartShouldSetResponder={[Function]}
          style={
            Object {
              "opacity": 1,
            }
          }
        >
          <Text />
        </View>
      </RCTSafeAreaView>
    </Modal>
  </RCTSafeAreaView>
</View>
`;
